// Jest Snapshot v1, https://goo.gl/fbAQLP

exports[`Pruebas en <GifExpertApp /> debe hacer match con el snapshot 1`] = `
<div>
  <h1>
    GfExpertApp
  </h1>
  <form
    aria-label="form"
  >
    <input
      placeholder="Buscar Gifts"
      type="text"
      value=""
    />
  </form>
  <h3>
    Ghost In The Shell
  </h3>
  <h2>
    Cargando...
  </h2>
  <div
    class="card-grid"
  />
</div>
`;
