// Jest Snapshot v1, https://goo.gl/fbAQLP

exports[`Prueba en <FirstApp /> debe hacer match con el snapshot 1`] = `
<div>
  <h1
    data-testid="test-title"
  >
    Hola, soy Goku
  </h1>
  <p>
    Soy un nuevo texto
  </p>
  <p>
    Soy una variable 
    2
     
  </p>
  <p>
    1
    2
    3
    4
    5
    6
    7
    8
    9
  </p>
  <p>
    Arny oculto
  </p>
  <p>
    {"msj":"Holaaa","nom":"Arny"}
  </p>
  <p>
    Hola Arny es un buen d√≠a
  </p>
  <p />
  <p>
    0
  </p>
  <p>
    Arny oculto
  </p>
</div>
`;
